// Code generated by usestdlibvars, DO NOT EDIT.

package time_test

var (
	_ = time.April.String() // want `"April" can be replaced by time\.April\.String\(\)`
	_ = time.August.String() // want `"August" can be replaced by time\.August\.String\(\)`
	_ = time.December.String() // want `"December" can be replaced by time\.December\.String\(\)`
	_ = time.February.String() // want `"February" can be replaced by time\.February\.String\(\)`
	_ = time.January.String() // want `"January" can be replaced by time\.January\.String\(\)`
	_ = time.July.String() // want `"July" can be replaced by time\.July\.String\(\)`
	_ = time.June.String() // want `"June" can be replaced by time\.June\.String\(\)`
	_ = time.March.String() // want `"March" can be replaced by time\.March\.String\(\)`
	_ = time.May.String() // want `"May" can be replaced by time\.May\.String\(\)`
	_ = time.November.String() // want `"November" can be replaced by time\.November\.String\(\)`
	_ = time.October.String() // want `"October" can be replaced by time\.October\.String\(\)`
	_ = time.September.String() // want `"September" can be replaced by time\.September\.String\(\)`
)

const (
	_ = time.April.String() // want `"April" can be replaced by time\.April\.String\(\)`
	_ = time.August.String() // want `"August" can be replaced by time\.August\.String\(\)`
	_ = time.December.String() // want `"December" can be replaced by time\.December\.String\(\)`
	_ = time.February.String() // want `"February" can be replaced by time\.February\.String\(\)`
	_ = time.January.String() // want `"January" can be replaced by time\.January\.String\(\)`
	_ = time.July.String() // want `"July" can be replaced by time\.July\.String\(\)`
	_ = time.June.String() // want `"June" can be replaced by time\.June\.String\(\)`
	_ = time.March.String() // want `"March" can be replaced by time\.March\.String\(\)`
	_ = time.May.String() // want `"May" can be replaced by time\.May\.String\(\)`
	_ = time.November.String() // want `"November" can be replaced by time\.November\.String\(\)`
	_ = time.October.String() // want `"October" can be replaced by time\.October\.String\(\)`
	_ = time.September.String() // want `"September" can be replaced by time\.September\.String\(\)`
)

var (
	_ = func(s string)string{return s}(time.April.String()) // want `"April" can be replaced by time\.April\.String\(\)`
	_ = func(s string)string{return s}(time.August.String()) // want `"August" can be replaced by time\.August\.String\(\)`
	_ = func(s string)string{return s}(time.December.String()) // want `"December" can be replaced by time\.December\.String\(\)`
	_ = func(s string)string{return s}(time.February.String()) // want `"February" can be replaced by time\.February\.String\(\)`
	_ = func(s string)string{return s}(time.January.String()) // want `"January" can be replaced by time\.January\.String\(\)`
	_ = func(s string)string{return s}(time.July.String()) // want `"July" can be replaced by time\.July\.String\(\)`
	_ = func(s string)string{return s}(time.June.String()) // want `"June" can be replaced by time\.June\.String\(\)`
	_ = func(s string)string{return s}(time.March.String()) // want `"March" can be replaced by time\.March\.String\(\)`
	_ = func(s string)string{return s}(time.May.String()) // want `"May" can be replaced by time\.May\.String\(\)`
	_ = func(s string)string{return s}(time.November.String()) // want `"November" can be replaced by time\.November\.String\(\)`
	_ = func(s string)string{return s}(time.October.String()) // want `"October" can be replaced by time\.October\.String\(\)`
	_ = func(s string)string{return s}(time.September.String()) // want `"September" can be replaced by time\.September\.String\(\)`
)
