// Code generated by usestdlibvars, DO NOT EDIT.

package time_test

var (
	_ = time.Friday.String() // want `"Friday" can be replaced by time\.Friday\.String\(\)`
	_ = time.Monday.String() // want `"Monday" can be replaced by time\.Monday\.String\(\)`
	_ = time.Saturday.String() // want `"Saturday" can be replaced by time\.Saturday\.String\(\)`
	_ = time.Sunday.String() // want `"Sunday" can be replaced by time\.Sunday\.String\(\)`
	_ = time.Thursday.String() // want `"Thursday" can be replaced by time\.Thursday\.String\(\)`
	_ = time.Tuesday.String() // want `"Tuesday" can be replaced by time\.Tuesday\.String\(\)`
	_ = time.Wednesday.String() // want `"Wednesday" can be replaced by time\.Wednesday\.String\(\)`
)

const (
	_ = time.Friday.String() // want `"Friday" can be replaced by time\.Friday\.String\(\)`
	_ = time.Monday.String() // want `"Monday" can be replaced by time\.Monday\.String\(\)`
	_ = time.Saturday.String() // want `"Saturday" can be replaced by time\.Saturday\.String\(\)`
	_ = time.Sunday.String() // want `"Sunday" can be replaced by time\.Sunday\.String\(\)`
	_ = time.Thursday.String() // want `"Thursday" can be replaced by time\.Thursday\.String\(\)`
	_ = time.Tuesday.String() // want `"Tuesday" can be replaced by time\.Tuesday\.String\(\)`
	_ = time.Wednesday.String() // want `"Wednesday" can be replaced by time\.Wednesday\.String\(\)`
)

var (
	_ = func(s string)string{return s}(time.Friday.String()) // want `"Friday" can be replaced by time\.Friday\.String\(\)`
	_ = func(s string)string{return s}(time.Monday.String()) // want `"Monday" can be replaced by time\.Monday\.String\(\)`
	_ = func(s string)string{return s}(time.Saturday.String()) // want `"Saturday" can be replaced by time\.Saturday\.String\(\)`
	_ = func(s string)string{return s}(time.Sunday.String()) // want `"Sunday" can be replaced by time\.Sunday\.String\(\)`
	_ = func(s string)string{return s}(time.Thursday.String()) // want `"Thursday" can be replaced by time\.Thursday\.String\(\)`
	_ = func(s string)string{return s}(time.Tuesday.String()) // want `"Tuesday" can be replaced by time\.Tuesday\.String\(\)`
	_ = func(s string)string{return s}(time.Wednesday.String()) // want `"Wednesday" can be replaced by time\.Wednesday\.String\(\)`
)
