// Code generated by usestdlibvars, DO NOT EDIT.

package rpc_test

var (
	_ = rpc.DefaultRPCPath // want `"/_goRPC_" can be replaced by rpc\.DefaultRPCPath`
	_ = rpc.DefaultDebugPath // want `"/debug/rpc" can be replaced by rpc\.DefaultDebugPath`
)

const (
	_ = rpc.DefaultRPCPath // want `"/_goRPC_" can be replaced by rpc\.DefaultRPCPath`
	_ = rpc.DefaultDebugPath // want `"/debug/rpc" can be replaced by rpc\.DefaultDebugPath`
)

var (
	_ = func(s string)string{return s}(rpc.DefaultRPCPath) // want `"/_goRPC_" can be replaced by rpc\.DefaultRPCPath`
	_ = func(s string)string{return s}(rpc.DefaultDebugPath) // want `"/debug/rpc" can be replaced by rpc\.DefaultDebugPath`
)
