// Code generated by usestdlibvars, DO NOT EDIT.

package http_test

import "net/http"

var (
	_ = "connect"
	_ = "delete"
	_ = "get"
	_ = "head"
	_ = "options"
	_ = "patch"
	_ = "post"
	_ = "put"
	_ = "trace"
)

const (
	_ = "connect"
	_ = "delete"
	_ = "get"
	_ = "head"
	_ = "options"
	_ = "patch"
	_ = "post"
	_ = "put"
	_ = "trace"
)

var (
	_ = http.Request{Method: http.MethodConnect} // want `"connect" can be replaced by http\.MethodConnect`
	_ = http.Request{Method: http.MethodDelete} // want `"delete" can be replaced by http\.MethodDelete`
	_ = http.Request{Method: http.MethodGet} // want `"get" can be replaced by http\.MethodGet`
	_ = http.Request{Method: http.MethodHead} // want `"head" can be replaced by http\.MethodHead`
	_ = http.Request{Method: http.MethodOptions} // want `"options" can be replaced by http\.MethodOptions`
	_ = http.Request{Method: http.MethodPatch} // want `"patch" can be replaced by http\.MethodPatch`
	_ = http.Request{Method: http.MethodPost} // want `"post" can be replaced by http\.MethodPost`
	_ = http.Request{Method: http.MethodPut} // want `"put" can be replaced by http\.MethodPut`
	_ = http.Request{Method: http.MethodTrace} // want `"trace" can be replaced by http\.MethodTrace`
)

var (
	_ = &http.Request{Method: http.MethodConnect} // want `"connect" can be replaced by http\.MethodConnect`
	_ = &http.Request{Method: http.MethodDelete} // want `"delete" can be replaced by http\.MethodDelete`
	_ = &http.Request{Method: http.MethodGet} // want `"get" can be replaced by http\.MethodGet`
	_ = &http.Request{Method: http.MethodHead} // want `"head" can be replaced by http\.MethodHead`
	_ = &http.Request{Method: http.MethodOptions} // want `"options" can be replaced by http\.MethodOptions`
	_ = &http.Request{Method: http.MethodPatch} // want `"patch" can be replaced by http\.MethodPatch`
	_ = &http.Request{Method: http.MethodPost} // want `"post" can be replaced by http\.MethodPost`
	_ = &http.Request{Method: http.MethodPut} // want `"put" can be replaced by http\.MethodPut`
	_ = &http.Request{Method: http.MethodTrace} // want `"trace" can be replaced by http\.MethodTrace`
)

var (
	_, _ = http.NewRequest(http.MethodConnect, "", http.NoBody) // want `"connect" can be replaced by http\.MethodConnect`
	_, _ = http.NewRequest(http.MethodDelete, "", http.NoBody) // want `"delete" can be replaced by http\.MethodDelete`
	_, _ = http.NewRequest(http.MethodGet, "", http.NoBody) // want `"get" can be replaced by http\.MethodGet`
	_, _ = http.NewRequest(http.MethodHead, "", http.NoBody) // want `"head" can be replaced by http\.MethodHead`
	_, _ = http.NewRequest(http.MethodOptions, "", http.NoBody) // want `"options" can be replaced by http\.MethodOptions`
	_, _ = http.NewRequest(http.MethodPatch, "", http.NoBody) // want `"patch" can be replaced by http\.MethodPatch`
	_, _ = http.NewRequest(http.MethodPost, "", http.NoBody) // want `"post" can be replaced by http\.MethodPost`
	_, _ = http.NewRequest(http.MethodPut, "", http.NoBody) // want `"put" can be replaced by http\.MethodPut`
	_, _ = http.NewRequest(http.MethodTrace, "", http.NoBody) // want `"trace" can be replaced by http\.MethodTrace`
)

var (
	_, _ = http.NewRequestWithContext(nil, http.MethodConnect, "", http.NoBody) // want `"connect" can be replaced by http\.MethodConnect`
	_, _ = http.NewRequestWithContext(nil, http.MethodDelete, "", http.NoBody) // want `"delete" can be replaced by http\.MethodDelete`
	_, _ = http.NewRequestWithContext(nil, http.MethodGet, "", http.NoBody) // want `"get" can be replaced by http\.MethodGet`
	_, _ = http.NewRequestWithContext(nil, http.MethodHead, "", http.NoBody) // want `"head" can be replaced by http\.MethodHead`
	_, _ = http.NewRequestWithContext(nil, http.MethodOptions, "", http.NoBody) // want `"options" can be replaced by http\.MethodOptions`
	_, _ = http.NewRequestWithContext(nil, http.MethodPatch, "", http.NoBody) // want `"patch" can be replaced by http\.MethodPatch`
	_, _ = http.NewRequestWithContext(nil, http.MethodPost, "", http.NoBody) // want `"post" can be replaced by http\.MethodPost`
	_, _ = http.NewRequestWithContext(nil, http.MethodPut, "", http.NoBody) // want `"put" can be replaced by http\.MethodPut`
	_, _ = http.NewRequestWithContext(nil, http.MethodTrace, "", http.NoBody) // want `"trace" can be replaced by http\.MethodTrace`
)
