// Code generated by usestdlibvars, DO NOT EDIT.

package tls_test

var (
	_ = tls.ECDSAWithP256AndSHA256.String() // want `"ECDSAWithP256AndSHA256" can be replaced by tls\.ECDSAWithP256AndSHA256\.String\(\)`
	_ = tls.ECDSAWithP384AndSHA384.String() // want `"ECDSAWithP384AndSHA384" can be replaced by tls\.ECDSAWithP384AndSHA384\.String\(\)`
	_ = tls.ECDSAWithP521AndSHA512.String() // want `"ECDSAWithP521AndSHA512" can be replaced by tls\.ECDSAWithP521AndSHA512\.String\(\)`
	_ = tls.ECDSAWithSHA1.String() // want `"ECDSAWithSHA1" can be replaced by tls\.ECDSAWithSHA1\.String\(\)`
	_ = tls.Ed25519.String() // want `"Ed25519" can be replaced by tls\.Ed25519\.String\(\)`
	_ = tls.PKCS1WithSHA1.String() // want `"PKCS1WithSHA1" can be replaced by tls\.PKCS1WithSHA1\.String\(\)`
	_ = tls.PKCS1WithSHA256.String() // want `"PKCS1WithSHA256" can be replaced by tls\.PKCS1WithSHA256\.String\(\)`
	_ = tls.PKCS1WithSHA384.String() // want `"PKCS1WithSHA384" can be replaced by tls\.PKCS1WithSHA384\.String\(\)`
	_ = tls.PKCS1WithSHA512.String() // want `"PKCS1WithSHA512" can be replaced by tls\.PKCS1WithSHA512\.String\(\)`
	_ = tls.PSSWithSHA256.String() // want `"PSSWithSHA256" can be replaced by tls\.PSSWithSHA256\.String\(\)`
	_ = tls.PSSWithSHA384.String() // want `"PSSWithSHA384" can be replaced by tls\.PSSWithSHA384\.String\(\)`
	_ = tls.PSSWithSHA512.String() // want `"PSSWithSHA512" can be replaced by tls\.PSSWithSHA512\.String\(\)`
)

const (
	_ = tls.ECDSAWithP256AndSHA256.String() // want `"ECDSAWithP256AndSHA256" can be replaced by tls\.ECDSAWithP256AndSHA256\.String\(\)`
	_ = tls.ECDSAWithP384AndSHA384.String() // want `"ECDSAWithP384AndSHA384" can be replaced by tls\.ECDSAWithP384AndSHA384\.String\(\)`
	_ = tls.ECDSAWithP521AndSHA512.String() // want `"ECDSAWithP521AndSHA512" can be replaced by tls\.ECDSAWithP521AndSHA512\.String\(\)`
	_ = tls.ECDSAWithSHA1.String() // want `"ECDSAWithSHA1" can be replaced by tls\.ECDSAWithSHA1\.String\(\)`
	_ = tls.Ed25519.String() // want `"Ed25519" can be replaced by tls\.Ed25519\.String\(\)`
	_ = tls.PKCS1WithSHA1.String() // want `"PKCS1WithSHA1" can be replaced by tls\.PKCS1WithSHA1\.String\(\)`
	_ = tls.PKCS1WithSHA256.String() // want `"PKCS1WithSHA256" can be replaced by tls\.PKCS1WithSHA256\.String\(\)`
	_ = tls.PKCS1WithSHA384.String() // want `"PKCS1WithSHA384" can be replaced by tls\.PKCS1WithSHA384\.String\(\)`
	_ = tls.PKCS1WithSHA512.String() // want `"PKCS1WithSHA512" can be replaced by tls\.PKCS1WithSHA512\.String\(\)`
	_ = tls.PSSWithSHA256.String() // want `"PSSWithSHA256" can be replaced by tls\.PSSWithSHA256\.String\(\)`
	_ = tls.PSSWithSHA384.String() // want `"PSSWithSHA384" can be replaced by tls\.PSSWithSHA384\.String\(\)`
	_ = tls.PSSWithSHA512.String() // want `"PSSWithSHA512" can be replaced by tls\.PSSWithSHA512\.String\(\)`
)

var (
	_ = func(s string)string{return s}(tls.ECDSAWithP256AndSHA256.String()) // want `"ECDSAWithP256AndSHA256" can be replaced by tls\.ECDSAWithP256AndSHA256\.String\(\)`
	_ = func(s string)string{return s}(tls.ECDSAWithP384AndSHA384.String()) // want `"ECDSAWithP384AndSHA384" can be replaced by tls\.ECDSAWithP384AndSHA384\.String\(\)`
	_ = func(s string)string{return s}(tls.ECDSAWithP521AndSHA512.String()) // want `"ECDSAWithP521AndSHA512" can be replaced by tls\.ECDSAWithP521AndSHA512\.String\(\)`
	_ = func(s string)string{return s}(tls.ECDSAWithSHA1.String()) // want `"ECDSAWithSHA1" can be replaced by tls\.ECDSAWithSHA1\.String\(\)`
	_ = func(s string)string{return s}(tls.Ed25519.String()) // want `"Ed25519" can be replaced by tls\.Ed25519\.String\(\)`
	_ = func(s string)string{return s}(tls.PKCS1WithSHA1.String()) // want `"PKCS1WithSHA1" can be replaced by tls\.PKCS1WithSHA1\.String\(\)`
	_ = func(s string)string{return s}(tls.PKCS1WithSHA256.String()) // want `"PKCS1WithSHA256" can be replaced by tls\.PKCS1WithSHA256\.String\(\)`
	_ = func(s string)string{return s}(tls.PKCS1WithSHA384.String()) // want `"PKCS1WithSHA384" can be replaced by tls\.PKCS1WithSHA384\.String\(\)`
	_ = func(s string)string{return s}(tls.PKCS1WithSHA512.String()) // want `"PKCS1WithSHA512" can be replaced by tls\.PKCS1WithSHA512\.String\(\)`
	_ = func(s string)string{return s}(tls.PSSWithSHA256.String()) // want `"PSSWithSHA256" can be replaced by tls\.PSSWithSHA256\.String\(\)`
	_ = func(s string)string{return s}(tls.PSSWithSHA384.String()) // want `"PSSWithSHA384" can be replaced by tls\.PSSWithSHA384\.String\(\)`
	_ = func(s string)string{return s}(tls.PSSWithSHA512.String()) // want `"PSSWithSHA512" can be replaced by tls\.PSSWithSHA512\.String\(\)`
)
