// Code generated by usestdlibvars, DO NOT EDIT.

package constant_test

var (
	_ = constant.Bool.String() // want `"Bool" can be replaced by constant\.Bool\.String\(\)`
	_ = constant.Complex.String() // want `"Complex" can be replaced by constant\.Complex\.String\(\)`
	_ = constant.Float.String() // want `"Float" can be replaced by constant\.Float\.String\(\)`
	_ = constant.Int.String() // want `"Int" can be replaced by constant\.Int\.String\(\)`
	_ = constant.String.String() // want `"String" can be replaced by constant\.String\.String\(\)`
)

const (
	_ = constant.Bool.String() // want `"Bool" can be replaced by constant\.Bool\.String\(\)`
	_ = constant.Complex.String() // want `"Complex" can be replaced by constant\.Complex\.String\(\)`
	_ = constant.Float.String() // want `"Float" can be replaced by constant\.Float\.String\(\)`
	_ = constant.Int.String() // want `"Int" can be replaced by constant\.Int\.String\(\)`
	_ = constant.String.String() // want `"String" can be replaced by constant\.String\.String\(\)`
)

var (
	_ = func(s string)string{return s}(constant.Bool.String()) // want `"Bool" can be replaced by constant\.Bool\.String\(\)`
	_ = func(s string)string{return s}(constant.Complex.String()) // want `"Complex" can be replaced by constant\.Complex\.String\(\)`
	_ = func(s string)string{return s}(constant.Float.String()) // want `"Float" can be replaced by constant\.Float\.String\(\)`
	_ = func(s string)string{return s}(constant.Int.String()) // want `"Int" can be replaced by constant\.Int\.String\(\)`
	_ = func(s string)string{return s}(constant.String.String()) // want `"String" can be replaced by constant\.String\.String\(\)`
)
